{
  "version": "1.4.0",
  "plugins_used": [
    {
      "name": "ArtifactoryDetector"
    },
    {
      "name": "AWSKeyDetector"
    },
    {
      "name": "AzureStorageKeyDetector"
    },
    {
      "name": "Base64HighEntropyString",
      "limit": 4.5
    },
    {
      "name": "BasicAuthDetector"
    },
    {
      "name": "CloudantDetector"
    },
    {
      "name": "DiscordBotTokenDetector"
    },
    {
      "name": "GitHubTokenDetector"
    },
    {
      "name": "HexHighEntropyString",
      "limit": 3.0
    },
    {
      "name": "IbmCloudIamDetector"
    },
    {
      "name": "IbmCosHmacDetector"
    },
    {
      "name": "JwtTokenDetector"
    },
    {
      "name": "KeywordDetector",
      "keyword_exclude": ""
    },
    {
      "name": "MailchimpDetector"
    },
    {
      "name": "NpmDetector"
    },
    {
      "name": "PrivateKeyDetector"
    },
    {
      "name": "SendGridDetector"
    },
    {
      "name": "SlackDetector"
    },
    {
      "name": "SoftlayerDetector"
    },
    {
      "name": "SquareOAuthDetector"
    },
    {
      "name": "StripeDetector"
    },
    {
      "name": "TwilioKeyDetector"
    }
  ],
  "results": {
    "core\\data_classes.py": [
      {
        "type": "Secret Keyword",
        "filename": "core\\data_classes.py",
        "hashed_secret": "0000000000000000",
        "is_verified": true,
        "line_number": 50
      },
      {
        "type": "Secret Keyword",
        "filename": "core\\data_classes.py",
        "hashed_secret": "0000000000000000",
        "is_verified": true,
        "line_number": 80
      }
    ],
    "core\\settings_registry.py": [
      {
        "type": "Secret Keyword",
        "filename": "core\\settings_registry.py",
        "hashed_secret": "0000000000000000",
        "is_verified": true,
        "line_number": 99
      },
      {
        "type": "Secret Keyword",
        "filename": "core\\settings_registry.py",
        "hashed_secret": "0000000000000000",
        "is_verified": true,
        "line_number": 105
      },
      {
        "type": "Secret Keyword",
        "filename": "core\\settings_registry.py",
        "hashed_secret": "0000000000000000",
        "is_verified": true,
        "line_number": 146
      },
      {
        "type": "Secret Keyword",
        "filename": "core\\settings_registry.py",
        "hashed_secret": "0000000000000000",
        "is_verified": true,
        "line_number": 152
      }
    ],
    "gui\\options_widget.py": [
      {
        "type": "Secret Keyword",
        "filename": "gui\\options_widget.py",
        "hashed_secret": "0000000000000000",
        "is_verified": true,
        "line_number": 59
      },
      {
        "type": "Secret Keyword",
        "filename": "gui\\options_widget.py",
        "hashed_secret": "0000000000000000",
        "is_verified": true,
        "line_number": 66
      }
    ],
    "tests\\test_data_classes.py": [
      {
        "type": "Secret Keyword",
        "filename": "tests\\test_data_classes.py",
        "hashed_secret": "0000000000000000",
        "is_verified": true,
        "line_number": 57
      },
      {
        "type": "Secret Keyword",
        "filename": "tests\\test_data_classes.py",
        "hashed_secret": "0000000000000000",
        "is_verified": true,
        "line_number": 76
      },
      {
        "type": "Secret Keyword",
        "filename": "tests\\test_data_classes.py",
        "hashed_secret": "0000000000000000",
        "is_verified": true,
        "line_number": 105
      },
      {
        "type": "Secret Keyword",
        "filename": "tests\\test_data_classes.py",
        "hashed_secret": "0000000000000000",
        "is_verified": true,
        "line_number": 131
      }
    ]
  },
  "generated_at": "2026-08-11T08:06:43.993499Z"
}